[Licensing::Module] Trying to connect to existing licensing client channel...
Built from '6000.5/staging' branch; Version is '6000.5.8f1 (5cb7df797b7d) revision 6076383'; Using compiler version '194234433'; Build Type 'Release'
[Licensing::IpcConnector] Successfully connected to: "LicenseClient-lukea" at "2026-09-17T04:55:42.633492Z"
OS: 'Windows 10  (10.0.19045) 64bit Professional' Language: 'en' Physical Memory: 65462 MB
BatchMode: 0, IsHumanControllingUs: 1, StartBugReporterOnCrash: 1, Is64bit: 1
System  architecture: x64
Process architecture: x64
Date: 2026-09-17T04:55:42Z
[Licensing::Client] Code 10 while verifying Licensing Client signature (process Id: 39532, path: "C:/Program Files/Unity/Hub/Editor/6000.5.8f1/Editor/Data/Resources/Licensing/Client/Unity.Licensing.Client.exe")
[Licensing::Module] LicensingClient has failed validation; ignoring
[Licensing::Client] Handshaking with LicensingClient:
  Version:                 1.18.1+9fbee8e
  Session Id:              184d12eeac834c42b9d45476e925ef85
  Correlation Id:          c76a2f6adf798a6fd447d271d81053fd
  External correlation Id: 2744610936962496484
  Machine Id:              Up519v2u05OHEUDwDU5dlBA4Ht4=
[Licensing::Module] Successfully connected to LicensingClient on channel: "LicenseClient-lukea" (connect: 0.00s, validation: 0.00s, handshake: 0.05s)
[Licensing::IpcConnector] Successfully connected to: "LicenseClient-lukea-notifications" at "2026-09-17T04:55:42.6819235Z"
[Licensing::Client] Successfully updated the access token
[Licensing::Module] Successfully updated the access token RyK-zWnhzg...
[Licensing::Client] Successfully resolved entitlement details
[Licensing::Module] License group:
  Id: 17867669508291-UnityPersXXXX
  Product: Unity Personal
  Type: Assigned
  Expiration: Unlimited
[Licensing::Client] Successfully updated license, isAsync: True, time: 0.00
[Licensing::Client] Successfully resolved entitlement details
[Licensing::Module] Licensing Background thread has ended after 0.06s

COMMAND LINE ARGUMENTS:
C:\Program Files\Unity\Hub\Editor\6000.5.8f1\Editor\Unity.exe
-projectpath
C:\Users\lukea\OneDrive\Documents\GitHub\Kobold-Quest
-acceptSoftwareTermsForThisRunOnly
-useHub
-hubIPC
-cloudEnvironment
production
-licensingIpc
LicenseClient-lukea
-hubSessionId
8a875765-6ab7-4261-8f6f-75b0d76714d4
-accessToken
RyK-zWnhzgH55ARIJsvhfuhgG_sNIyMQigVbFSuBQhg010f
Successfully changed project path to: C:\Users\lukea\OneDrive\Documents\GitHub\Kobold-Quest
C:/Users/lukea/OneDrive/Documents/GitHub/Kobold-Quest
[UnityMemory] Configuration Parameters - Can be set up in boot.config
    "memorysetup-temp-allocator-size-gi-baking-worker=262144"
    "memorysetup-temp-allocator-size-gi-baking-worker=262144"
    "memorysetup-temp-allocator-size-gi-baking-worker=262144"
    "memorysetup-temp-allocator-size-gi-baking-worker=262144"
    "memorysetup-temp-allocator-size-gi-baking-worker=262144"
    "memorysetup-temp-allocator-size-nav-mesh-worker=65536"
    "memorysetup-temp-allocator-size-audio-worker=65536"
    "memorysetup-temp-allocator-size-cloud-worker=32768"
    "memorysetup-temp-allocator-size-gfx=262144"
    "memorysetup-temp-allocator-size-preload-manager=33554432"
    "memorysetup-allocator-temp-initial-block-size-main=262144"
    "memorysetup-allocator-temp-initial-block-size-worker=262144"
    "memorysetup-temp-allocator-size-job-worker=262144"
    "memorysetup-temp-allocator-size-background-worker=32768"
    "memorysetup-bucket-allocator-granularity=16"
    "memorysetup-bucket-allocator-bucket-count=8"
    "memorysetup-bucket-allocator-block-size=33554432"
    "memorysetup-bucket-allocator-block-count=8"
    "memorysetup-main-allocator-block-size=16777216"
    "memorysetup-thread-allocator-block-size=16777216"
    "memorysetup-main-allocator-mimalloc-enabled=0"
    "memorysetup-gfx-main-allocator-block-size=16777216"
    "memorysetup-gfx-thread-allocator-block-size=16777216"
    "memorysetup-cache-allocator-block-size=4194304"
    "memorysetup-typetree-allocator-block-size=2097152"
    "memorysetup-profiler-bucket-allocator-granularity=16"
    "memorysetup-profiler-bucket-allocator-bucket-count=8"
    "memorysetup-profiler-bucket-allocator-block-size=33554432"
    "memorysetup-profiler-bucket-allocator-block-count=8"
    "memorysetup-profiler-allocator-block-size=16777216"
    "memorysetup-profiler-editor-allocator-block-size=1048576"
    "memorysetup-temp-allocator-size-main=16777216"
    "memorysetup-job-temp-allocator-block-size=2097152"
    "memorysetup-job-temp-allocator-block-size-background=1048576"
    "memorysetup-job-temp-allocator-reduction-small-platforms=262144"
Player connection [19656]  Target information:

Player connection [19656]  * "[IP] 172.29.80.1 [Port] 55504 [Flags] 2 [Guid] 1431077219 [EditorId] 1431077219 [Version] 1048832 [Id] WindowsEditor(7,DESKTOP-8NA7JFL) [Debug] 1 [PackageName] WindowsEditor [ProjectName] Editor" 

Player connection [19656]  * "[IP] 192.168.0.187 [Port] 55504 [Flags] 2 [Guid] 1431077219 [EditorId] 1431077219 [Version] 1048832 [Id] WindowsEditor(7,DESKTOP-8NA7JFL) [Debug] 1 [PackageName] WindowsEditor [ProjectName] Editor" 

Player connection [19656] Host joined multi-casting on [225.0.0.222:54997]...
Player connection [19656] Host joined alternative multi-casting on [225.0.0.222:34997]...
Input System module state changed to: Initialized.
[Physics::Module] Initialized fallback backend.
[Physics::Module] Id: 0xdecafbad
[Package Manager] Connected to IPC stream "Upm-48028" after 0.2 seconds.
[Licensing::Client] Successfully resolved entitlement details
Library Redirect Path: Library/
Rebuilding Library because the asset database could not be found!
Exiting without the bug reporter. Application will terminate with return code 0